package scalaclean.test.overriddenBy.internalTransitiveOverriddenBy

trait GrandParentTrait {
  def d1: Int/* internalTransitiveOverriddenBy(C:scalaclean.test.overriddenBy.internalTransitiveOverriddenBy.GrandParentTrait/M:d1()) - C:scalaclean.test.overriddenBy.internalTransitiveOverriddenBy.Class_ChildTrait/M:d1() :: C:scalaclean.test.overriddenBy.internalTransitiveOverriddenBy.Trait_ChildTrait/M:d1() :: O:scalaclean.test.overriddenBy.internalTransitiveOverriddenBy.Object_ChildTrait/M:d1() :: O:scalaclean.test.overriddenBy.internalTransitiveOverriddenBy.Object_ChildTrait/M:d1()## */
  def d2(a: Int): Int/* internalTransitiveOverriddenBy(C:scalaclean.test.overriddenBy.internalTransitiveOverriddenBy.GrandParentTrait/M:d2(scala.Int)) - C:scalaclean.test.overriddenBy.internalTransitiveOverriddenBy.Class_ChildTrait/M:d2(scala.Int) :: C:scalaclean.test.overriddenBy.internalTransitiveOverriddenBy.Trait_ChildTrait/M:d2(scala.Int) :: O:scalaclean.test.overriddenBy.internalTransitiveOverriddenBy.Object_ChildTrait/M:d2(scala.Int) :: O:scalaclean.test.overriddenBy.internalTransitiveOverriddenBy.Object_ChildTrait/M:d2(scala.Int)## */
  def d2a(a: Int)(b: Int): Int/* internalTransitiveOverriddenBy(C:scalaclean.test.overriddenBy.internalTransitiveOverriddenBy.GrandParentTrait/M:d2a(scala.Intscala.Int)) - C:scalaclean.test.overriddenBy.internalTransitiveOverriddenBy.Class_ChildTrait/M:d2a(scala.Intscala.Int) :: C:scalaclean.test.overriddenBy.internalTransitiveOverriddenBy.Trait_ChildTrait/M:d2a(scala.Intscala.Int) :: O:scalaclean.test.overriddenBy.internalTransitiveOverriddenBy.Object_ChildTrait/M:d2a(scala.Intscala.Int) :: O:scalaclean.test.overriddenBy.internalTransitiveOverriddenBy.Object_ChildTrait/M:d2a(scala.Intscala.Int)## */
  def d3()(): Int/* internalTransitiveOverriddenBy(C:scalaclean.test.overriddenBy.internalTransitiveOverriddenBy.GrandParentTrait/M:d3()) - C:scalaclean.test.overriddenBy.internalTransitiveOverriddenBy.Class_ChildTrait/M:d3() :: C:scalaclean.test.overriddenBy.internalTransitiveOverriddenBy.Trait_ChildTrait/M:d3() :: O:scalaclean.test.overriddenBy.internalTransitiveOverriddenBy.Object_ChildTrait/M:d3() :: O:scalaclean.test.overriddenBy.internalTransitiveOverriddenBy.Object_ChildTrait/M:d3()## */

}

trait ParentTrait extends GrandParentTrait {
  def d3(): () => Int = ???/* internalTransitiveOverriddenBy(C:scalaclean.test.overriddenBy.internalTransitiveOverriddenBy.ParentTrait/M:d3()) - C:scalaclean.test.overriddenBy.internalTransitiveOverriddenBy.ChildTrait/M:d3() */
}

trait ChildTrait extends ParentTrait {
  override def d3(): () => Int = ???
  def d2a(a: Int)              = d2 _

}

trait Trait_ChildTrait extends ParentTrait {
  override def equals(obj: Any): Boolean = super.equals(obj)

  override def clone(): AnyRef = super.clone()

  override def toString: String = super.toString

  override def finalize(): Unit = super.finalize()

  override def hashCode(): Int = super.hashCode()

  override def d1: Int = ???

  override def d2(a: Int): Int = ???

  override def d2a(a: Int)(b: Int): Int = ???

  override def d3()(): Int = ???
}

class Class_ChildTrait extends ParentTrait {
  override def equals(obj: Any): Boolean = super.equals(obj)

  override def clone(): AnyRef = super.clone()

  override def toString: String = super.toString

  override def finalize(): Unit = super.finalize()

  override def hashCode(): Int = super.hashCode()

  override def d1: Int = ???

  override def d2(a: Int): Int = ???

  override def d2a(a: Int)(b: Int): Int = ???

  override def d3()(): Int = ???
}

object Object_ChildTrait extends ParentTrait {
  override def equals(obj: Any): Boolean = super.equals(obj)/* internalTransitiveOverriddenBy(O:scalaclean.test.overriddenBy.internalTransitiveOverriddenBy.Object_ChildTrait/M:equals(scala.Any)) - O:scalaclean.test.overriddenBy.internalTransitiveOverriddenBy.Object_ChildTrait/M:equals(scala.Any)## :: O:scalaclean.test.overriddenBy.internalTransitiveOverriddenBy.Object_ChildTrait/M:equals(scala.Any)## */

  override def clone(): AnyRef = super.clone()/* internalTransitiveOverriddenBy(O:scalaclean.test.overriddenBy.internalTransitiveOverriddenBy.Object_ChildTrait/M:clone()) - O:scalaclean.test.overriddenBy.internalTransitiveOverriddenBy.Object_ChildTrait/M:clone()## */

  override def toString: String = super.toString/* internalTransitiveOverriddenBy(O:scalaclean.test.overriddenBy.internalTransitiveOverriddenBy.Object_ChildTrait/M:toString()) - O:scalaclean.test.overriddenBy.internalTransitiveOverriddenBy.Object_ChildTrait/M:toString()## :: O:scalaclean.test.overriddenBy.internalTransitiveOverriddenBy.Object_ChildTrait/M:toString()## */

  override def finalize(): Unit = super.finalize()/* internalTransitiveOverriddenBy(O:scalaclean.test.overriddenBy.internalTransitiveOverriddenBy.Object_ChildTrait/M:finalize()) - O:scalaclean.test.overriddenBy.internalTransitiveOverriddenBy.Object_ChildTrait/M:finalize()## */

  override def hashCode(): Int = super.hashCode()/* internalTransitiveOverriddenBy(O:scalaclean.test.overriddenBy.internalTransitiveOverriddenBy.Object_ChildTrait/M:hashCode()) - O:scalaclean.test.overriddenBy.internalTransitiveOverriddenBy.Object_ChildTrait/M:hashCode()## :: O:scalaclean.test.overriddenBy.internalTransitiveOverriddenBy.Object_ChildTrait/M:hashCode()## */

  override def d1: Int = ???/* internalTransitiveOverriddenBy(O:scalaclean.test.overriddenBy.internalTransitiveOverriddenBy.Object_ChildTrait/M:d1()) - O:scalaclean.test.overriddenBy.internalTransitiveOverriddenBy.Object_ChildTrait/M:d1()## */

  override def d2(a: Int): Int = ???/* internalTransitiveOverriddenBy(O:scalaclean.test.overriddenBy.internalTransitiveOverriddenBy.Object_ChildTrait/M:d2(scala.Int)) - O:scalaclean.test.overriddenBy.internalTransitiveOverriddenBy.Object_ChildTrait/M:d2(scala.Int)## */

  override def d2a(a: Int)(b: Int): Int = ???/* internalTransitiveOverriddenBy(O:scalaclean.test.overriddenBy.internalTransitiveOverriddenBy.Object_ChildTrait/M:d2a(scala.Intscala.Int)) - O:scalaclean.test.overriddenBy.internalTransitiveOverriddenBy.Object_ChildTrait/M:d2a(scala.Intscala.Int)## */

  override def d3()(): Int = ???/* internalTransitiveOverriddenBy(O:scalaclean.test.overriddenBy.internalTransitiveOverriddenBy.Object_ChildTrait/M:d3()) - O:scalaclean.test.overriddenBy.internalTransitiveOverriddenBy.Object_ChildTrait/M:d3()## */
}

//class GrandParentClass {
//
//  def foo: Unit = ()
//}
//class ParentClass extends GrandParentClass {
//}
//class ChildClass extends ParentClass{
//  def bar(x:Any): Unit = ()
//}
//
//object ClildObject extends ChildClass {
//  new Child().foo
//  new Child().bar(1)
//}
