package scalaclean.test.rules.privatiser.p1

object Private1 extends App {
  // some private[this] elements
  // can't detect [this] though so should be private
  // where it isnt [this] already

  private val a = 1
  private def b = 2
  private var c = 3
  a + b + c

  private val d = 1
  private def e     = 2
  private var f           = 3
  private[this] def h     = 3
  d + e + f + h

  private val l = 1
  private def m     = 2
  private var n           = 3
  protected[this] def o     = 3
  l + m + n + o
}
