package methodannotation

object AnnotApp1 extends App {
  myMethod(3)

  @UsedAnnotation1(classOf[UsedByAnnotation1])
  @UsedJavaAnnotation1(clazz = classOf[UsedByAnnotation2])
  @UsedJavaAnnotation2(clazz = Array(classOf[UsedByAnnotation3]))
  //@UsedJavaAnnotation3(UsedJavaAnnotation1(classOf[UsedByAnnotation4]))
  def myMethod(@UsedMethodAnnotation x: Int) = {

  }
}

class UsedAnnotation1(value: Class[_])

class UsedByAnnotation1(value: Class[_])
class UsedByAnnotation2(value: Class[_])
class UsedByAnnotation3(value: Class[_])

class UsedMethodAnnotation

