package scalaclean.test.extends_

trait GrandParentTrait extends Iterable[String]/* extends(C:scalaclean.test.extends_.GrandParentTrait) - {false}~C:scala.Any :: {false}~C:scala.Equals :: {false}~C:scala.collection.GenIterable :: {false}~C:scala.collection.GenIterableLike :: {false}~C:scala.collection.GenTraversable :: {false}~C:scala.collection.GenTraversableLike :: {false}~C:scala.collection.GenTraversableOnce :: {false}~C:scala.collection.IterableLike :: {false}~C:scala.collection.Parallelizable :: {false}~C:scala.collection.Traversable :: {false}~C:scala.collection.TraversableLike :: {false}~C:scala.collection.TraversableOnce :: {false}~C:scala.collection.generic.FilterMonadic :: {false}~C:scala.collection.generic.GenericTraversableTemplate :: {false}~C:scala.collection.generic.HasNewBuilder */

trait ParentTrait extends GrandParentTrait with java.util.Iterator[String]/* extends(C:scalaclean.test.extends_.ParentTrait) - {false}~C:scala.Any :: {false}~C:scala.Equals :: {false}~C:scala.collection.GenIterable :: {false}~C:scala.collection.GenIterableLike :: {false}~C:scala.collection.GenTraversable :: {false}~C:scala.collection.GenTraversableLike :: {false}~C:scala.collection.GenTraversableOnce :: {false}~C:scala.collection.Iterable :: {false}~C:scala.collection.IterableLike :: {false}~C:scala.collection.Parallelizable :: {false}~C:scala.collection.Traversable :: {false}~C:scala.collection.TraversableLike :: {false}~C:scala.collection.TraversableOnce :: {false}~C:scala.collection.generic.FilterMonadic :: {false}~C:scala.collection.generic.GenericTraversableTemplate :: {false}~C:scala.collection.generic.HasNewBuilder */

trait ChildTrait extends ParentTrait/* extends(C:scalaclean.test.extends_.ChildTrait) - {false}~C:java.util.Iterator :: {false}~C:scala.Any :: {false}~C:scala.Equals :: {false}~C:scala.collection.GenIterable :: {false}~C:scala.collection.GenIterableLike :: {false}~C:scala.collection.GenTraversable :: {false}~C:scala.collection.GenTraversableLike :: {false}~C:scala.collection.GenTraversableOnce :: {false}~C:scala.collection.Iterable :: {false}~C:scala.collection.IterableLike :: {false}~C:scala.collection.Parallelizable :: {false}~C:scala.collection.Traversable :: {false}~C:scala.collection.TraversableLike :: {false}~C:scala.collection.TraversableOnce :: {false}~C:scala.collection.generic.FilterMonadic :: {false}~C:scala.collection.generic.GenericTraversableTemplate :: {false}~C:scala.collection.generic.HasNewBuilder :: {true}~C:scalaclean.test.extends_.GrandParentTrait */

trait GChildTrait extends ChildTrait/* extends(C:scalaclean.test.extends_.GChildTrait) - {false}~C:java.util.Iterator :: {false}~C:scala.Any :: {false}~C:scala.Equals :: {false}~C:scala.collection.GenIterable :: {false}~C:scala.collection.GenIterableLike :: {false}~C:scala.collection.GenTraversable :: {false}~C:scala.collection.GenTraversableLike :: {false}~C:scala.collection.GenTraversableOnce :: {false}~C:scala.collection.Iterable :: {false}~C:scala.collection.IterableLike :: {false}~C:scala.collection.Parallelizable :: {false}~C:scala.collection.Traversable :: {false}~C:scala.collection.TraversableLike :: {false}~C:scala.collection.TraversableOnce :: {false}~C:scala.collection.generic.FilterMonadic :: {false}~C:scala.collection.generic.GenericTraversableTemplate :: {false}~C:scala.collection.generic.HasNewBuilder :: {true}~C:scalaclean.test.extends_.GrandParentTrait :: {true}~C:scalaclean.test.extends_.ParentTrait */

trait Trait_ChildTrait extends ParentTrait/* extends(C:scalaclean.test.extends_.Trait_ChildTrait) - {false}~C:java.util.Iterator :: {false}~C:scala.Any :: {false}~C:scala.Equals :: {false}~C:scala.collection.GenIterable :: {false}~C:scala.collection.GenIterableLike :: {false}~C:scala.collection.GenTraversable :: {false}~C:scala.collection.GenTraversableLike :: {false}~C:scala.collection.GenTraversableOnce :: {false}~C:scala.collection.Iterable :: {false}~C:scala.collection.IterableLike :: {false}~C:scala.collection.Parallelizable :: {false}~C:scala.collection.Traversable :: {false}~C:scala.collection.TraversableLike :: {false}~C:scala.collection.TraversableOnce :: {false}~C:scala.collection.generic.FilterMonadic :: {false}~C:scala.collection.generic.GenericTraversableTemplate :: {false}~C:scala.collection.generic.HasNewBuilder :: {true}~C:scalaclean.test.extends_.GrandParentTrait */

abstract class Class_ChildTrait extends ParentTrait/* extends(C:scalaclean.test.extends_.Class_ChildTrait) - {false}~C:java.util.Iterator :: {false}~C:scala.Any :: {false}~C:scala.Equals :: {false}~C:scala.collection.GenIterable :: {false}~C:scala.collection.GenIterableLike :: {false}~C:scala.collection.GenTraversable :: {false}~C:scala.collection.GenTraversableLike :: {false}~C:scala.collection.GenTraversableOnce :: {false}~C:scala.collection.Iterable :: {false}~C:scala.collection.IterableLike :: {false}~C:scala.collection.Parallelizable :: {false}~C:scala.collection.Traversable :: {false}~C:scala.collection.TraversableLike :: {false}~C:scala.collection.TraversableOnce :: {false}~C:scala.collection.generic.FilterMonadic :: {false}~C:scala.collection.generic.GenericTraversableTemplate :: {false}~C:scala.collection.generic.HasNewBuilder :: {true}~C:scalaclean.test.extends_.GrandParentTrait */

object Object_ChildTrait extends ParentTrait {
  override def iterator: Iterator[String] = ???

  override def hasNext: Boolean = ???

  override def next(): String = ???
}/* extends(O:scalaclean.test.extends_.Object_ChildTrait) - {false}~C:java.util.Iterator :: {false}~C:scala.Any :: {false}~C:scala.Equals :: {false}~C:scala.collection.GenIterable :: {false}~C:scala.collection.GenIterableLike :: {false}~C:scala.collection.GenTraversable :: {false}~C:scala.collection.GenTraversableLike :: {false}~C:scala.collection.GenTraversableOnce :: {false}~C:scala.collection.Iterable :: {false}~C:scala.collection.IterableLike :: {false}~C:scala.collection.Parallelizable :: {false}~C:scala.collection.Traversable :: {false}~C:scala.collection.TraversableLike :: {false}~C:scala.collection.TraversableOnce :: {false}~C:scala.collection.generic.FilterMonadic :: {false}~C:scala.collection.generic.GenericTraversableTemplate :: {false}~C:scala.collection.generic.HasNewBuilder :: {true}~C:scalaclean.test.extends_.GrandParentTrait */

trait Mix1/* extends(C:scalaclean.test.extends_.Mix1) - {false}~C:scala.Any */

trait Mix2/* extends(C:scalaclean.test.extends_.Mix2) - {false}~C:scala.Any */

trait Mix3/* extends(C:scalaclean.test.extends_.Mix3) - {false}~C:scala.Any */

class GrandParentClass extends Iterable[String] {
  self: Mix2 =>
  override def iterator: Iterator[String] = ???
}/* extends(C:scalaclean.test.extends_.GrandParentClass) - {false}~C:scala.Any :: {false}~C:scala.Equals :: {false}~C:scala.collection.GenIterable :: {false}~C:scala.collection.GenIterableLike :: {false}~C:scala.collection.GenTraversable :: {false}~C:scala.collection.GenTraversableLike :: {false}~C:scala.collection.GenTraversableOnce :: {false}~C:scala.collection.IterableLike :: {false}~C:scala.collection.Parallelizable :: {false}~C:scala.collection.Traversable :: {false}~C:scala.collection.TraversableLike :: {false}~C:scala.collection.TraversableOnce :: {false}~C:scala.collection.generic.FilterMonadic :: {false}~C:scala.collection.generic.GenericTraversableTemplate :: {false}~C:scala.collection.generic.HasNewBuilder */

abstract class ParentClass extends GrandParentClass with Mix2/* extends(C:scalaclean.test.extends_.ParentClass) - {false}~C:java.lang.Object :: {false}~C:scala.Any :: {false}~C:scala.Equals :: {false}~C:scala.collection.GenIterable :: {false}~C:scala.collection.GenIterableLike :: {false}~C:scala.collection.GenTraversable :: {false}~C:scala.collection.GenTraversableLike :: {false}~C:scala.collection.GenTraversableOnce :: {false}~C:scala.collection.Iterable :: {false}~C:scala.collection.IterableLike :: {false}~C:scala.collection.Parallelizable :: {false}~C:scala.collection.Traversable :: {false}~C:scala.collection.TraversableLike :: {false}~C:scala.collection.TraversableOnce :: {false}~C:scala.collection.generic.FilterMonadic :: {false}~C:scala.collection.generic.GenericTraversableTemplate :: {false}~C:scala.collection.generic.HasNewBuilder */

class ChildClass extends ParentClass/* extends(C:scalaclean.test.extends_.ChildClass) - {false}~C:java.lang.Object :: {false}~C:scala.Any :: {false}~C:scala.Equals :: {false}~C:scala.collection.GenIterable :: {false}~C:scala.collection.GenIterableLike :: {false}~C:scala.collection.GenTraversable :: {false}~C:scala.collection.GenTraversableLike :: {false}~C:scala.collection.GenTraversableOnce :: {false}~C:scala.collection.Iterable :: {false}~C:scala.collection.IterableLike :: {false}~C:scala.collection.Parallelizable :: {false}~C:scala.collection.Traversable :: {false}~C:scala.collection.TraversableLike :: {false}~C:scala.collection.TraversableOnce :: {false}~C:scala.collection.generic.FilterMonadic :: {false}~C:scala.collection.generic.GenericTraversableTemplate :: {false}~C:scala.collection.generic.HasNewBuilder :: {true}~C:scalaclean.test.extends_.GrandParentClass :: {true}~C:scalaclean.test.extends_.Mix2 */
class Marker2    extends ParentClass/* extends(C:scalaclean.test.extends_.Marker2) - {false}~C:java.lang.Object :: {false}~C:scala.Any :: {false}~C:scala.Equals :: {false}~C:scala.collection.GenIterable :: {false}~C:scala.collection.GenIterableLike :: {false}~C:scala.collection.GenTraversable :: {false}~C:scala.collection.GenTraversableLike :: {false}~C:scala.collection.GenTraversableOnce :: {false}~C:scala.collection.Iterable :: {false}~C:scala.collection.IterableLike :: {false}~C:scala.collection.Parallelizable :: {false}~C:scala.collection.Traversable :: {false}~C:scala.collection.TraversableLike :: {false}~C:scala.collection.TraversableOnce :: {false}~C:scala.collection.generic.FilterMonadic :: {false}~C:scala.collection.generic.GenericTraversableTemplate :: {false}~C:scala.collection.generic.HasNewBuilder :: {true}~C:scalaclean.test.extends_.GrandParentClass :: {true}~C:scalaclean.test.extends_.Mix2 */

object ChildObject extends ChildClass/* extends(O:scalaclean.test.extends_.ChildObject) - {false}~C:java.lang.Object :: {false}~C:scala.Any :: {false}~C:scala.Equals :: {false}~C:scala.collection.GenIterable :: {false}~C:scala.collection.GenIterableLike :: {false}~C:scala.collection.GenTraversable :: {false}~C:scala.collection.GenTraversableLike :: {false}~C:scala.collection.GenTraversableOnce :: {false}~C:scala.collection.Iterable :: {false}~C:scala.collection.IterableLike :: {false}~C:scala.collection.Parallelizable :: {false}~C:scala.collection.Traversable :: {false}~C:scala.collection.TraversableLike :: {false}~C:scala.collection.TraversableOnce :: {false}~C:scala.collection.generic.FilterMonadic :: {false}~C:scala.collection.generic.GenericTraversableTemplate :: {false}~C:scala.collection.generic.HasNewBuilder :: {true}~C:scalaclean.test.extends_.GrandParentClass :: {true}~C:scalaclean.test.extends_.Mix2 :: {true}~C:scalaclean.test.extends_.ParentClass */
object Marker1     extends ChildClass/* extends(O:scalaclean.test.extends_.Marker1) - {false}~C:java.lang.Object :: {false}~C:scala.Any :: {false}~C:scala.Equals :: {false}~C:scala.collection.GenIterable :: {false}~C:scala.collection.GenIterableLike :: {false}~C:scala.collection.GenTraversable :: {false}~C:scala.collection.GenTraversableLike :: {false}~C:scala.collection.GenTraversableOnce :: {false}~C:scala.collection.Iterable :: {false}~C:scala.collection.IterableLike :: {false}~C:scala.collection.Parallelizable :: {false}~C:scala.collection.Traversable :: {false}~C:scala.collection.TraversableLike :: {false}~C:scala.collection.TraversableOnce :: {false}~C:scala.collection.generic.FilterMonadic :: {false}~C:scala.collection.generic.GenericTraversableTemplate :: {false}~C:scala.collection.generic.HasNewBuilder :: {true}~C:scalaclean.test.extends_.GrandParentClass :: {true}~C:scalaclean.test.extends_.Mix2 :: {true}~C:scalaclean.test.extends_.ParentClass */
